
> react-kavia@0.1.0 start
> cross-env EDIT_MODE=true webpack serve --config .ve/webpack.config.js --mode development

/home/kavia/workspace/code-generation/secretstream-54786-c3f51740/react_frontend_workspace/react_frontend/node_modules/webpack-dev-server/lib/Server.js:2638
        throw error;
        ^

Error: listen EADDRINUSE: address already in use 0.0.0.0:3000
    at Server.setupListenHandle [as _listen2] (node:net:1817:16)
    at listenInCluster (node:net:1865:12)
    at doListen (node:net:2014:7)
    at process.processTicksAndRejections (node:internal/process/task_queues:83:21) {
  code: 'EADDRINUSE',
  errno: -98,
  syscall: 'listen',
  address: '0.0.0.0',
  port: 3000
}

Node.js v18.20.8
4 modules
  modules by path ./src/*.js 2.75 KiB
    ./src/index.js 530 bytes [built] [code generated]
    ./src/App.js 2.24 KiB [built] [code generated]
modules by path ./.ve/ 15.1 KiB
  modules by path ./.ve/*.js 10.6 KiB 2 modules
  modules by path ./.ve/*.css 2.93 KiB
    ./.ve/EditorOverlay.css 2.25 KiB [built] [code generated]
    ./node_modules/css-loader/dist/cjs.js!./.ve/EditorOverlay.css 697 bytes [built] [code generated]
  ./.ve/EditorOverlay.jsx 1.58 KiB [built] [code generated]
webpack 5.99.9 compiled successfully in 1224 ms
assets by status 1.98 KiB [cached] 1 asset
assets by path *.js 1.42 MiB
  asset bundle.js 1.4 MiB [emitted] (name: main)
  asset main.5b18c39f601085168315.hot-update.js 14.8 KiB [emitted] [immutable] [hmr] (name: main)
asset main.5b18c39f601085168315.hot-update.json 28 bytes [emitted] [immutable] [hmr]
Entrypoint main 1.42 MiB = bundle.js 1.4 MiB main.5b18c39f601085168315.hot-update.js 14.8 KiB
cached modules 1.26 MiB [cached] 41 modules
runtime modules 27.5 KiB 14 modules
./src/App.js 10.9 KiB [built] [code generated]
webpack 5.99.9 compiled successfully in 154 ms
assets by status 1.98 KiB [cached] 1 asset
assets by path *.js 1.41 MiB
  asset bundle.js 1.4 MiB [emitted] (name: main)
  asset main.544c88d9a0bd1c88f289.hot-update.js 5.54 KiB [emitted] [immutable] [hmr] (name: main)
asset main.544c88d9a0bd1c88f289.hot-update.json 28 bytes [emitted] [immutable] [hmr]
Entrypoint main 1.41 MiB = bundle.js 1.4 MiB main.544c88d9a0bd1c88f289.hot-update.js 5.54 KiB
cached modules 1.27 MiB [cached] 41 modules
runtime modules 27.5 KiB 14 modules
./node_modules/css-loader/dist/cjs.js!./src/App.css 3.04 KiB [built] [code generated]
webpack 5.99.9 compiled successfully in 45 ms
assets by status 1.98 KiB [cached] 1 asset
assets by path *.js 1.42 MiB
  asset bundle.js 1.4 MiB [emitted] (name: main)
  asset main.c224d79c04a633d83049.hot-update.js 14.8 KiB [emitted] [immutable] [hmr] (name: main)
asset main.c224d79c04a633d83049.hot-update.json 28 bytes [emitted] [immutable] [hmr]
Entrypoint main 1.42 MiB = bundle.js 1.4 MiB main.c224d79c04a633d83049.hot-update.js 14.8 KiB
cached modules 1.26 MiB [cached] 41 modules
runtime modules 27.5 KiB 14 modules
./src/App.js 10.9 KiB [built] [code generated]
webpack 5.99.9 compiled successfully in 122 ms
assets by status 1.98 KiB [cached] 1 asset
assets by path *.js 1.42 MiB
  asset bundle.js 1.4 MiB [emitted] (name: main)
  asset main.b80c03c3114c72e0c8ae.hot-update.js 14.8 KiB [emitted] [immutable] [hmr] (name: main)
asset main.b80c03c3114c72e0c8ae.hot-update.json 28 bytes [emitted] [immutable] [hmr]
Entrypoint main 1.42 MiB = bundle.js 1.4 MiB main.b80c03c3114c72e0c8ae.hot-update.js 14.8 KiB
cached modules 1.26 MiB [cached] 41 modules
runtime modules 27.5 KiB 14 modules
./src/App.js 10.9 KiB [built] [code generated]
webpack 5.99.9 compiled successfully in 64 ms
assets by status 1.98 KiB [cached] 1 asset
assets by path *.js 1.42 MiB
  asset bundle.js 1.4 MiB [emitted] (name: main)
  asset main.88279cea97a9596940fe.hot-update.js 14.9 KiB [emitted] [immutable] [hmr] (name: main)
asset main.88279cea97a9596940fe.hot-update.json 28 bytes [emitted] [immutable] [hmr]
Entrypoint main 1.42 MiB = bundle.js 1.4 MiB main.88279cea97a9596940fe.hot-update.js 14.9 KiB
cached modules 1.26 MiB [cached] 41 modules
runtime modules 27.5 KiB 14 modules
./src/App.js 10.9 KiB [built] [code generated]
webpack 5.99.9 compiled successfully in 68 ms
assets by status 1.98 KiB [cached] 1 asset
assets by path *.js 1.42 MiB
  asset bundle.js 1.4 MiB [emitted] (name: main)
  asset main.0d7568fe61a830950707.hot-update.js 15.1 KiB [emitted] [immutable] [hmr] (name: main)
asset main.0d7568fe61a830950707.hot-update.json 28 bytes [emitted] [immutable] [hmr]
Entrypoint main 1.42 MiB = bundle.js 1.4 MiB main.0d7568fe61a830950707.hot-update.js 15.1 KiB
cached modules 1.26 MiB [cached] 41 modules
runtime modules 27.5 KiB 14 modules
./src/App.js 11.2 KiB [built] [code generated]
webpack 5.99.9 compiled successfully in 96 ms
